<html>
<body>
<pre>
<h1>�Vision Build Log</h1>
<h2>Tool Versions:</h2>
IDE-Version: �Vision V5.24.2.0
Copyright (C) 2017 ARM Ltd and ARM Germany GmbH. All rights reserved.
License Information: Admin Microsoft, Microsoft, LIC=----
 
Tool Versions:
Toolchain:       MDK-Lite  Version: 5.24.1
Toolchain Path:  C:\Keil_v5\ARM\ARMCC\Bin
C Compiler:      Armcc.exe V5.06 update 5 (build 528)
Assembler:       Armasm.exe V5.06 update 5 (build 528)
Linker/Locator:  ArmLink.exe V5.06 update 5 (build 528)
Library Manager: ArmAr.exe V5.06 update 5 (build 528)
Hex Converter:   FromElf.exe V5.06 update 5 (build 528)
CPU DLL:         SARMCM3.DLL V5.24.1
Dialog DLL:      DCM.DLL V1.16.0.0
Target DLL:      Segger\JL2CM3.dll V2.99.20.0
Dialog DLL:      TCM.DLL V1.32.0.0
 
<h2>Project:</h2>
E:\Programms\STM 8 32\STM32\CUBE\Simple_IoT\Simple_IoT\STM32_S_IoT\MDK-ARM\STM32_S_IoT.uvprojx
Project File Date:  04/09/2021

<h2>Output:</h2>
*** Using Compiler 'V5.06 update 5 (build 528)', folder: 'C:\Keil_v5\ARM\ARMCC\Bin'
Rebuild target 'STM32_S_IoT'
assembling startup_stm32f103xb.s...
compiling main.c...
../Core/Inc/DS18B20_Temp.h(53): warning:  #1295-D: Deprecated declaration DS18B20_Tim - give arg types
  void DS18B20_Tim();	//Получение температуры (функция вызывается в таймере)
../Core/Src/main.c(137): warning:  #177-D: variable "sec"  was declared but never referenced
  				uint8_t sec = Data_time.sec;
../Core/Src/main.c(138): warning:  #177-D: variable "min"  was declared but never referenced
  				uint8_t min = Data_time.min;
../Core/Src/main.c(139): warning:  #177-D: variable "hour"  was declared but never referenced
  				uint8_t hour = Data_time.hour;
../Core/Src/main.c(140): warning:  #177-D: variable "day"  was declared but never referenced
  				uint8_t day = Data_time.day;
../Core/Src/main.c(141): warning:  #177-D: variable "day_of_week"  was declared but never referenced
  				uint8_t day_of_week = Data_time.day_of_week;
../Core/Src/main.c(142): warning:  #177-D: variable "month"  was declared but never referenced
  				uint8_t month = Data_time.month;
../Core/Src/main.c(143): warning:  #177-D: variable "year"  was declared but never referenced
  				uint8_t year = Data_time.year;
../Core/Src/main.c: 8 warnings, 0 errors
compiling DS18B20_Temp.c...
../Core/Inc/DS18B20_Temp.h(53): warning:  #1295-D: Deprecated declaration DS18B20_Tim - give arg types
  void DS18B20_Tim();	//Получение температуры (функция вызывается в таймере)
..\Core\Src\DS18B20_Temp.c(49): warning:  #111-D: statement is unreachable
    	break;
..\Core\Src\DS18B20_Temp.c(53): warning:  #940-D: missing return statement at end of non-void function "Write_bit" 
  };
..\Core\Src\DS18B20_Temp.c(97): warning:  #111-D: statement is unreachable
    	break;
..\Core\Src\DS18B20_Temp.c(99): warning:  #940-D: missing return statement at end of non-void function "Read_bit" 
  };
..\Core\Src\DS18B20_Temp.c(147): warning:  #940-D: missing return statement at end of non-void function "DS18b20_Reset" 
  };
..\Core\Src\DS18B20_Temp.c: 6 warnings, 0 errors
compiling DS1302.c...
compiling stm32f1xx_it.c...
../Core/Inc/DS18B20_Temp.h(53): warning:  #1295-D: Deprecated declaration DS18B20_Tim - give arg types
  void DS18B20_Tim();	//Получение температуры (функция вызывается в таймере)
../Core/Src/stm32f1xx_it.c: 1 warning, 0 errors
compiling stm32f1xx_hal_msp.c...
compiling stm32f1xx_hal_gpio_ex.c...
compiling stm32f1xx_hal_tim.c...
compiling stm32f1xx_hal_tim_ex.c...
compiling stm32f1xx_hal.c...
compiling stm32f1xx_hal_rcc.c...
compiling stm32f1xx_hal_rcc_ex.c...
compiling stm32f1xx_hal_gpio.c...
compiling stm32f1xx_hal_dma.c...
compiling stm32f1xx_hal_cortex.c...
compiling stm32f1xx_hal_pwr.c...
compiling stm32f1xx_hal_flash.c...
compiling stm32f1xx_hal_flash_ex.c...
compiling stm32f1xx_hal_exti.c...
compiling system_stm32f1xx.c...
linking...
Program Size: Code=8084 RO-data=292 RW-data=48 ZI-data=1104  
FromELF: creating hex file...
"STM32_S_IoT\STM32_S_IoT.axf" - 0 Error(s), 15 Warning(s).

<h2>Software Packages used:</h2>

Package Vendor: ARM
                http://www.keil.com/pack/ARM.CMSIS.5.0.1.pack
                ARM.CMSIS.5.0.1
                CMSIS (Cortex Microcontroller Software Interface Standard)
   * Component: CORE Version: 5.0.1

Package Vendor: Keil
                http://www.keil.com/pack/Keil.STM32F1xx_DFP.2.3.0.pack
                Keil.STM32F1xx_DFP.2.3.0
                STMicroelectronics STM32F1 Series Device Support, Drivers and Examples

<h2>Collection of Component include folders:</h2>
  .\RTE\_STM32_S_IoT
  C:\Keil_v5\ARM\PACK\ARM\CMSIS\5.0.1\CMSIS\Include
  C:\Keil_v5\ARM\PACK\Keil\STM32F1xx_DFP\2.3.0\Device\Include

<h2>Collection of Component Files used:</h2>

   * Component: ARM::CMSIS:CORE:5.0.1
Build Time Elapsed:  00:00:29
</pre>
</body>
</html>
